// Jest Snapshot v1, https://goo.gl/fbAQLP

exports[`QuoteListComponent should match snapshot 1`] = `
<ng-component>
  <app-quote-list>
    
  </app-quote-list>
</ng-component>
`;
