// Jest Snapshot v1, https://goo.gl/fbAQLP

exports[`QuoteComponent should match snapshot 1`] = `QuoteComponent {}`;
